objc[49211]: Class GLFWHelper is implemented in both /Users/nicolasvanderwalt_1/Development/git/ingot/artifacts/timing-source-control/planetforger_timing.bin (0x1015cd118) and /Users/nicolasvanderwalt_1/Development/git/ingot/artifacts/timing-source-control/build/game_49211_0.dylib (0x104c41118). This may cause spurious casting failures and mysterious crashes. One of the duplicates must be removed or renamed.
objc[49211]: Class GLFWApplicationDelegate is implemented in both /Users/nicolasvanderwalt_1/Development/git/ingot/artifacts/timing-source-control/planetforger_timing.bin (0x1015cd168) and /Users/nicolasvanderwalt_1/Development/git/ingot/artifacts/timing-source-control/build/game_49211_0.dylib (0x104c41168). This may cause spurious casting failures and mysterious crashes. One of the duplicates must be removed or renamed.
objc[49211]: Class GLFWWindowDelegate is implemented in both /Users/nicolasvanderwalt_1/Development/git/ingot/artifacts/timing-source-control/planetforger_timing.bin (0x1015cd190) and /Users/nicolasvanderwalt_1/Development/git/ingot/artifacts/timing-source-control/build/game_49211_0.dylib (0x104c41190). This may cause spurious casting failures and mysterious crashes. One of the duplicates must be removed or renamed.
objc[49211]: Class GLFWContentView is implemented in both /Users/nicolasvanderwalt_1/Development/git/ingot/artifacts/timing-source-control/planetforger_timing.bin (0x1015cd1e0) and /Users/nicolasvanderwalt_1/Development/git/ingot/artifacts/timing-source-control/build/game_49211_0.dylib (0x104c411e0). This may cause spurious casting failures and mysterious crashes. One of the duplicates must be removed or renamed.
objc[49211]: Class GLFWWindow is implemented in both /Users/nicolasvanderwalt_1/Development/git/ingot/artifacts/timing-source-control/planetforger_timing.bin (0x1015cd258) and /Users/nicolasvanderwalt_1/Development/git/ingot/artifacts/timing-source-control/build/game_49211_0.dylib (0x104c41258). This may cause spurious casting failures and mysterious crashes. One of the duplicates must be removed or renamed.
[planetforger] world seed bake: 2449 ms (seed=42)
[planetforger] population: nodes=5311 gazelles=12 flora_cells=68 lineages=6
[planetforger] world preroll: 1 tick(s) in 1107 ms
[planetforger] graphics init blocked by:  terrain  flora  ruins
[probe] loading_update frame took 55.019333ms
[probe] loading_update frame took 53.325792ms
[probe] loading_update frame took 53.42ms
[probe] loading_update frame took 53.493834ms
[probe] loading_update frame took 52.74375ms
[probe] loading_update frame took 53.059125ms
[probe] loading_update frame took 53.036083ms
[probe] loading_update frame took 53.403167ms
[probe] loading_update frame took 53.219875ms
[probe] loading_update frame took 53.497958ms
[probe] loading_update frame took 54.071292ms
[probe] loading_update frame took 54.99175ms
[probe] loading_update frame took 55.534625ms
[probe] loading_update frame took 54.9795ms
[probe] loading_update frame took 55.357167ms
[probe] loading_update frame took 55.1665ms
[probe] loading_update frame took 54.565125ms
[probe] loading_update frame took 55.161ms
[probe] loading_update frame took 54.845292ms
[probe] loading_update frame took 55.07225ms
[probe] loading_update frame took 55.560167ms
[probe] loading_update frame took 56.15725ms
[probe] loading_update frame took 54.851417ms
[probe] loading_update frame took 63.907583ms
[probe] loading_update frame took 157.560292ms
[probe] loading_update frame took 55.88925ms
[probe] loading_update frame took 55.822208ms
[probe] loading_update frame took 56.043292ms
[probe] loading_update frame took 55.877959ms
[probe] loading_update frame took 55.946ms
[probe] loading_update frame took 55.933542ms
[probe] loading_update frame took 55.580458ms
[probe] loading_update frame took 54.983375ms
[probe] loading_update frame took 55.080792ms
[probe] loading_update frame took 55.835375ms
[probe] loading_update frame took 56.793208ms
[probe] loading_update frame took 56.353834ms
[probe] loading_update frame took 56.078041ms
[probe] loading_update frame took 57.245125ms
[probe] loading_update frame took 56.708542ms
[probe] loading_update frame took 54.516458ms
[probe] loading_update frame took 54.405333ms
[probe] loading_update frame took 54.379042ms
[probe] loading_update frame took 54.695208ms
[probe] loading_update frame took 54.351792ms
[probe] loading_update frame took 54.449708ms
[probe] loading_update frame took 54.885334ms
[probe] loading_update frame took 55.7455ms
[probe] loading_update frame took 54.735583ms
[probe] loading_update frame took 54.70025ms
[probe] loading_update frame took 55.399958ms
[probe] loading_update frame took 54.832667ms
[probe] loading_update frame took 55.134167ms
[probe] loading_update frame took 54.761ms
[probe] loading_update frame took 55.057ms
[probe] loading_update frame took 55.270625ms
[probe] loading_update frame took 55.233708ms
[probe] loading_update frame took 54.38325ms
[probe] loading_update frame took 54.656417ms
[probe] loading_update frame took 54.369708ms
[probe] loading_update frame took 54.194292ms
[probe] loading_update frame took 53.978959ms
[probe] loading_update frame took 54.313458ms
[probe] loading_update frame took 54.282625ms
[probe] loading_update frame took 55.048958ms
[probe] loading_update frame took 54.143042ms
[probe] loading_update frame took 55.163625ms
[probe] loading_update frame took 55.685208ms
[probe] loading_update frame took 55.726333ms
[probe] loading_update frame took 54.864334ms
[probe] loading_update frame took 54.256833ms
[probe] loading_update frame took 54.677167ms
[probe] loading_update frame took 54.027708ms
[probe] loading_update frame took 54.57975ms
[probe] loading_update frame took 54.767625ms
[probe] loading_update frame took 55.034209ms
[probe] loading_update frame took 54.44025ms
[probe] loading_update frame took 54.753542ms
[probe] loading_update frame took 55.130875ms
[probe] loading_update frame took 54.175583ms
[probe] loading_update frame took 55.066083ms
[probe] loading_update frame took 54.584125ms
[probe] loading_update frame took 54.388875ms
[probe] loading_update frame took 54.450625ms
[probe] loading_update frame took 54.018042ms
[probe] loading_update frame took 54.021708ms
[probe] loading_update frame took 54.203833ms
[probe] loading_update frame took 54.348459ms
[probe] loading_update frame took 54.261583ms
[probe] loading_update frame took 53.909541ms
[probe] loading_update frame took 54.680542ms
[probe] loading_update frame took 54.237625ms
[probe] loading_update frame took 54.941542ms
[probe] loading_update frame took 53.437375ms
[probe] loading_update frame took 54.703583ms
[probe] loading_update frame took 54.001208ms
[probe] loading_update frame took 54.638709ms
[probe] loading_update frame took 54.735167ms
[probe] loading_update frame took 54.166375ms
[probe] loading_update frame took 54.457541ms
[probe] loading_update frame took 54.44775ms
[probe] loading_update frame took 54.446875ms
[probe] loading_update frame took 54.875375ms
[probe] loading_update frame took 54.574ms
[probe] loading_update frame took 54.425583ms
[probe] loading_update frame took 54.720625ms
[probe] loading_update frame took 55.110791ms
[probe] loading_update frame took 55.180375ms
[probe] loading_update frame took 55.215625ms
[probe] loading_update frame took 54.436416ms
[probe] loading_update frame took 54.616333ms
[probe] loading_update frame took 55.386083ms
[probe] loading_update frame took 54.927709ms
[probe] loading_update frame took 54.497166ms
[probe] loading_update frame took 54.319667ms
[probe] loading_update frame took 54.759292ms
[probe] loading_update frame took 55.01625ms
[probe] loading_update frame took 54.310333ms
[probe] loading_update frame took 54.696291ms
[probe] loading_update frame took 54.189958ms
[probe] loading_update frame took 54.572291ms
[probe] loading_update frame took 54.578917ms
[probe] loading_update frame took 54.855542ms
[probe] loading_update frame took 54.938541ms
[probe] loading_update frame took 54.950417ms
[probe] loading_update frame took 55.063709ms
[probe] loading_update frame took 55.337625ms
[probe] loading_update frame took 55.186333ms
[probe] loading_update frame took 54.668375ms
[probe] loading_update frame took 54.933209ms
[probe] loading_update frame took 54.403708ms
[probe] loading_update frame took 54.435ms
[probe] loading_update frame took 54.090167ms
[probe] loading_update frame took 54.319834ms
[probe] loading_update frame took 54.851125ms
[probe] loading_update frame took 54.045625ms
[probe] loading_update frame took 52.737166ms
[probe] loading_update frame took 52.929666ms
[probe] loading_update frame took 53.845542ms
[probe] loading_update frame took 62.585916ms
[probe] loading_update frame took 55.482167ms
[probe] loading_update frame took 55.241333ms
[probe] loading_update frame took 55.141416ms
[probe] loading_update frame took 55.752583ms
[probe] loading_update frame took 55.859916ms
[probe] loading_update frame took 54.326458ms
[probe] loading_update frame took 54.669083ms
[probe] loading_update frame took 54.633708ms
[probe] loading_update frame took 55.6675ms
[probe] loading_update frame took 55.591416ms
[probe] loading_update frame took 55.313541ms
[probe] loading_update frame took 55.6255ms
[probe] loading_update frame took 56.880417ms
[probe] loading_update frame took 54.611375ms
[probe] loading_update frame took 55.835167ms
[probe] loading_update frame took 54.495375ms
[probe] loading_update frame took 55.404375ms
[probe] loading_update frame took 55.776459ms
[probe] loading_update frame took 53.316667ms
[probe] loading_update frame took 53.556708ms
[probe] loading_update frame took 53.59475ms
[probe] loading_update frame took 53.801833ms
[probe] loading_update frame took 53.267959ms
[probe] loading_update frame took 55.520333ms
[probe] loading_update frame took 54.947917ms
[probe] loading_update frame took 53.301083ms
[probe] loading_update frame took 53.437041ms
[probe] loading_update frame took 52.6ms
[probe] loading_update frame took 52.845208ms
[probe] loading_update frame took 53.381792ms
[probe] loading_update frame took 54.196ms
[probe] loading_update frame took 55.283459ms
[probe] loading_update frame took 55.050791ms
[probe] loading_update frame took 54.36425ms
[probe] loading_update frame took 53.935459ms
[probe] loading_update frame took 53.483375ms
[probe] loading_update frame took 52.895666ms
[probe] loading_update frame took 53.359333ms
[probe] loading_update frame took 53.493583ms
[probe] loading_update frame took 53.224625ms
[probe] loading_update frame took 52.883875ms
[probe] loading_update frame took 51.755083ms
[probe] loading_update frame took 52.085584ms
[probe] loading_update frame took 51.769875ms
[probe] loading_update frame took 52.533875ms
[probe] loading_update frame took 52.788167ms
[probe] loading_update frame took 53.183625ms
[probe] loading_update frame took 52.46425ms
[probe] loading_update frame took 52.561333ms
[probe] loading_update frame took 52.652167ms
[probe] loading_update frame took 53.205666ms
[probe] loading_update frame took 53.325917ms
[profile] terrain sha256=ba02f478ed8295922335977089d72aa5f894072492fe9d2972e6bd6d016dc838 validation=passed artifact_saved=true
[planetforger] water shader revision=water-composite-v5-far-path id=1049603 ok=true
[probe] loading_update frame took 373.352167ms
[planetforger] ocean spectral init: ready
[planetforger] fauna: population=12 submitted=12 incomplete=0 truncated=0
[probe] loading_update frame took 329.382292ms
